# $Id$

HEIMDAL_GSS_1.0 {
	global:
		GSS_KRB5_MECHANISM;
		GSS_NTLM_MECHANISM;
		GSS_SPNEGO_MECHANISM;
		GSS_SASL_DIGEST_MD5_MECHANISM;
		GSS_C_NT_ANONYMOUS;
		GSS_C_NT_EXPORT_NAME;
		GSS_C_NT_HOSTBASED_SERVICE;
		GSS_C_NT_HOSTBASED_SERVICE_X;
		GSS_C_NT_MACHINE_UID_NAME;
		GSS_C_NT_STRING_UID_NAME;
		GSS_C_NT_USER_NAME;
		GSS_KRB5_NT_PRINCIPAL_NAME;
		GSS_KRB5_NT_USER_NAME;
		GSS_KRB5_NT_MACHINE_UID_NAME;
		GSS_KRB5_NT_STRING_UID_NAME;
		gss_accept_sec_context;
		gss_acquire_cred;
		gss_add_buffer_set_member;
		gss_add_cred;
		gss_add_oid_set_member;
		gss_canonicalize_name;
		gss_compare_name;
		gss_context_query_attributes;
		gss_context_time;
		gss_create_empty_buffer_set;
		gss_create_empty_oid_set;
		gss_decapsulate_token;
		gss_delete_sec_context;
		gss_display_name;
		gss_display_status;
		gss_duplicate_name;
		gss_duplicate_oid;
		gss_encapsulate_token;
		gss_export_name;
		gss_export_sec_context;
		gss_get_mic;
		gss_import_name;
		gss_import_sec_context;
		gss_indicate_mechs;
		gss_init_sec_context;
		gss_inquire_context;
		gss_inquire_cred;
		gss_inquire_cred_by_mech;
		gss_inquire_cred_by_oid;
		gss_inquire_mechs_for_name;
		gss_inquire_names_for_mech;
		gss_inquire_sec_context_by_oid;
		gss_inquire_sec_context_by_oid;
		gss_krb5_ccache_name;
		gss_krb5_copy_ccache;
		gss_krb5_export_lucid_sec_context;
		gss_krb5_free_lucid_sec_context;
		gss_krb5_get_tkt_flags;
		gss_krb5_import_cred;
		gss_krb5_set_allowable_enctypes;
		gss_mg_collect_error;
		gss_oid_equal;
		gss_oid_to_str;
		gss_process_context_token;
		gss_pseudo_random;
		gss_release_buffer;
		gss_release_buffer_set;
		gss_release_cred;
		gss_release_name;
		gss_release_oid;
		gss_release_oid_set;
		gss_seal;
		gss_set_cred_option;
		gss_set_sec_context_option;
		gss_sign;
		gss_test_oid_set_member;
		gss_unseal;
		gss_unwrap;
		gss_unwrap_iov;
		gss_verify;
		gss_verify_mic;
		gss_wrap;
		gss_wrap_iov;
		gss_wrap_size_limit;
		gsskrb5_extract_authtime_from_sec_context;
		gsskrb5_extract_authz_data_from_sec_context;
		gsskrb5_extract_service_keyblock;
		gsskrb5_get_initiator_subkey;
		gsskrb5_get_subkey;
		gsskrb5_get_time_offset;
		gsskrb5_register_acceptor_identity;
		gsskrb5_set_default_realm;
		gsskrb5_set_dns_canonicalize;
		gsskrb5_set_send_to_kdc;
		gsskrb5_set_time_offset;
		krb5_gss_register_acceptor_identity;


		# _gsskrb5cfx_ are really internal symbols, but export
		# then now to make testing easier.
		_gsskrb5cfx_wrap_length_cfx;
		_gssapi_wrap_size_cfx;

	local:
		*;
};
