0.040433	06		2	1	rpc_netlogon	29	NetrLogonGetDomainInfo	
0.059203	06		2	1	kerberos			
0.061641	06		2	1	ldap	3	searchRequest	2	DC,DC		cn			
0.535074	11		3	1	cldap	3	searchRequest				Netlogon			
0.535369	11		3	1	cldap	3	searchRequest				Netlogon			
0.536671	11		3	1	cldap	3	searchRequest				Netlogon			
0.537238	11		3	1	cldap	3	searchRequest				Netlogon			
0.537362	11		3	1	cldap	3	searchRequest				Netlogon			
0.602824	11		4	1	cldap	3	searchRequest				Netlogon			
0.640115	11		4	1	cldap	3	searchRequest				Netlogon			
0.714546	06		3	1	rpc_netlogon	29	NetrLogonGetDomainInfo	
0.715865	06		3	1	kerberos			
0.716613	06		3	1	ldap	3	searchRequest	2	DC,DC		cn			
0.767674	06		4	1	rpc_netlogon	29	NetrLogonGetDomainInfo	
0.778022	06		5	1	ldap	3	searchRequest	2	DC,DC		cn			
0.792356	06		4	1	kerberos			
0.792763	06		4	1	ldap	3	searchRequest	2	DC,DC		cn			
0.960412	06		5	1	ldap	2	unbindRequest							
