{
  "packet_rate": [
    10, 
    0.22707200050354004
  ], 
  "query_details": {
    "rpc_netlogon:29": {
      "-": 1
    }, 
    "cldap:3": {
      "\t\t\tNetlogon\t\t\t": 3
    }, 
    "ldap:3": {
      "\t\t\tsubschemaSubentry,dsServiceName,namingContexts,defaultNamingContext,schemaNamingContext,configurationNamingContext,rootDomainNamingContext,supportedControl,supportedLDAPVersion,supportedLDAPPolicies,supportedSASLMechanisms,dnsHostName,ldapServiceName,serverName,supportedCapabilities\t\t\t": 1, 
      "2\tDC,DC\t\tcn\t\t\t": 1
    }, 
    "ldap:2": {
      "\t\t\t\t\t\t": 1
    }, 
    "kerberos:": {
      "": 1
    }
  }, 
  "ngrams": {
    "-\t-": {
      "cldap:3": 1, 
      "ldap:3": 1
    }, 
    "-\tldap:3": {
      "wait:0": 1
    }, 
    "wait:0\trpc_netlogon:29": {
      "kerberos:": 1
    }, 
    "rpc_netlogon:29\tkerberos:": {
      "ldap:3": 1
    }, 
    "cldap:3\twait:0": {
      "rpc_netlogon:29": 1
    }, 
    "-\tcldap:3": {
      "cldap:3": 1
    }, 
    "ldap:3\twait:0": {
      "ldap:2": 1
    }, 
    "cldap:3\tcldap:3": {
      "cldap:3": 1, 
      "wait:0": 1
    }, 
    "kerberos:\tldap:3": {
      "-": 1
    }
  }, 
  "version": 2, 
  "dns": {
    "1": 9, 
    "0": 9
  }, 
  "cumulative_duration": 0.39243292808532715
}