HEIMDAL_ROKEN_1.0 {
	global:
		arg_printusage;
		arg_printusage_i18n;
		asnprintf;
		asprintf;
		base64_decode;
		base64_encode;
		closefrom;
		copyhostent;
		dns_free_data;
		dns_lookup;
		dns_srv_order;
		dns_string_to_type;
		dns_type_to_string;
		err;
		errx;
		free_getarg_strings;
		freeaddrinfo;
		freehostent;
		gai_strerror;
		getaddrinfo;
		getarg;
		getipnodebyaddr;
		getipnodebyname;
		getnameinfo;
		getnameinfo_verified;
		glob;
		globfree;
		hex_decode;
		hex_encode;
		inet_ntop;
		inet_pton;
		localtime_r;
		mkstemp;
		parse_bytes;
		parse_flags;
		parse_units;
		print_flags_table;
		print_units_table;
		readv;
		rk_fnmatch;
		rk_freeifaddrs;
		rk_getifaddrs;
		rk_strsvis;
		rk_strsvisx;
		rk_strunvis;
		rk_strunvisx;
		rk_strvis;
		rk_strvisx;
		rk_svis;
		rk_timegm;
		rk_unvis;
		rk_vis;
		roken_getaddrinfo_hostspec2;
		roken_getaddrinfo_hostspec;
		roken_gethostby_setup;
		roken_gethostbyaddr;
		roken_gethostbyname;
		roken_vmconcat;
		rtbl_add_column;
		rtbl_add_column_by_id;
		rtbl_add_column_entry;
		rtbl_add_column_entry_by_id;
		rtbl_add_column_entryv;
		rtbl_add_column_entryv_by_id;
		rtbl_create;
		rtbl_destroy;
		rtbl_format;
		rtbl_get_flags;
		rtbl_new_row;
		rtbl_set_column_affix_by_id;
		rtbl_set_column_prefix;
		rtbl_set_flags;
		rtbl_set_prefix;
		rtbl_set_separator;
		strftime;
		strlcat;
		strlcpy;
		strptime;
		strsvis;
		strunvis;
		strvis;
		strvisx;
		svis;
		unparse_bytes;
		unparse_bytes_short;
		unparse_flags;
		unparse_units;
		unparse_units_approx;
		unvis;
		vasnprintf;
		vasprintf;
		verr;
		verrx;
		vis;
		vsnprintf;
		vwarn;
		vwarnx;
		warn;
		warnx;
		writev;
	local:
		*;
};
