modify_order_mixed2
initial attrs:
         objectclass: 'user'
          carLicense: ['1', '2', '3']
             ipPhone: '123'
== result ===[  6]=======================
          carLicense: [b'1', b'2', b'3', b'4']
             ipPhone: [b'4']
         objectClass: [b'organizationalPerson', b'person', b'top', b'user']
-- operations ---------------------------
      carLicense delete   3
      carLicense add      4
         ipPhone delete   123
         ipPhone replace  4
----------------------------------
      carLicense delete   3
         ipPhone delete   123
      carLicense add      4
         ipPhone replace  4
----------------------------------
      carLicense delete   3
         ipPhone delete   123
         ipPhone replace  4
      carLicense add      4
----------------------------------
         ipPhone delete   123
      carLicense delete   3
      carLicense add      4
         ipPhone replace  4
----------------------------------
         ipPhone delete   123
      carLicense delete   3
         ipPhone replace  4
      carLicense add      4
----------------------------------
         ipPhone delete   123
         ipPhone replace  4
      carLicense delete   3
      carLicense add      4
----------------------------------
== result ===[  6]=======================
          carLicense: [b'1', b'2', b'3', b'4']
         objectClass: [b'organizationalPerson', b'person', b'top', b'user']
-- operations ---------------------------
      carLicense delete   3
      carLicense add      4
         ipPhone replace  4
         ipPhone delete   123
----------------------------------
      carLicense delete   3
         ipPhone replace  4
      carLicense add      4
         ipPhone delete   123
----------------------------------
      carLicense delete   3
         ipPhone replace  4
         ipPhone delete   123
      carLicense add      4
----------------------------------
         ipPhone replace  4
      carLicense delete   3
      carLicense add      4
         ipPhone delete   123
----------------------------------
         ipPhone replace  4
      carLicense delete   3
         ipPhone delete   123
      carLicense add      4
----------------------------------
         ipPhone replace  4
         ipPhone delete   123
      carLicense delete   3
      carLicense add      4
----------------------------------
== result ===[  6]=======================
          carLicense: [b'1', b'2']
             ipPhone: [b'4']
         objectClass: [b'organizationalPerson', b'person', b'top', b'user']
-- operations ---------------------------
      carLicense add      4
      carLicense delete   3
         ipPhone delete   123
         ipPhone replace  4
----------------------------------
      carLicense add      4
         ipPhone delete   123
      carLicense delete   3
         ipPhone replace  4
----------------------------------
      carLicense add      4
         ipPhone delete   123
         ipPhone replace  4
      carLicense delete   3
----------------------------------
         ipPhone delete   123
      carLicense add      4
      carLicense delete   3
         ipPhone replace  4
----------------------------------
         ipPhone delete   123
      carLicense add      4
         ipPhone replace  4
      carLicense delete   3
----------------------------------
         ipPhone delete   123
         ipPhone replace  4
      carLicense add      4
      carLicense delete   3
----------------------------------
== result ===[  6]=======================
          carLicense: [b'1', b'2']
         objectClass: [b'organizationalPerson', b'person', b'top', b'user']
-- operations ---------------------------
      carLicense add      4
      carLicense delete   3
         ipPhone replace  4
         ipPhone delete   123
----------------------------------
      carLicense add      4
         ipPhone replace  4
      carLicense delete   3
         ipPhone delete   123
----------------------------------
      carLicense add      4
         ipPhone replace  4
         ipPhone delete   123
      carLicense delete   3
----------------------------------
         ipPhone replace  4
      carLicense add      4
      carLicense delete   3
         ipPhone delete   123
----------------------------------
         ipPhone replace  4
      carLicense add      4
         ipPhone delete   123
      carLicense delete   3
----------------------------------
         ipPhone replace  4
         ipPhone delete   123
      carLicense add      4
      carLicense delete   3
----------------------------------