comment = [u'FAVOURITEXCOLOURXISX0', u'FAVOURITEXCOLOURXISX0', u'FAVOURITEXCOLOURXISX0', u'FAVOURITEXCOLOURXISX0', u'FAVOURITEXCOLOURXISX1', u'FAVOURITEXCOLOURXISX1', u'FAVOURITEXCOLOURXISX1', u'FAVOURITEXCOLOURXISX1', u'FAVOURITEXCOLOURXISX1', u'FAVOURITEXCOLOURXISX10', u'FAVOURITEXCOLOURXISX11', u'FAVOURITEXCOLOURXISX12', u'FAVOURITEXCOLOURXISX13', u'FAVOURITEXCOLOURXISX14', u'FAVOURITEXCOLOURXISX15', u'FAVOURITEXCOLOURXISX16', u'FAVOURITEXCOLOURXISX2', u'FAVOURITEXCOLOURXISX3', u'FAVOURITEXCOLOURXISX3', u'FAVOURITEXCOLOURXISX3', u'FAVOURITEXCOLOURXISX3', u'FAVOURITEXCOLOURXISX3', u'FAVOURITEXCOLOURXISX4', u'FAVOURITEXCOLOURXISX5', u'FAVOURITEXCOLOURXISX5', u'FAVOURITEXCOLOURXISX5', u'FAVOURITEXCOLOURXISX6', u'FAVOURITEXCOLOURXISX6', u'FAVOURITEXCOLOURXISX7', u'FAVOURITEXCOLOURXISX7', u'FAVOURITEXCOLOURXISX8', u'FAVOURITEXCOLOURXISX9', u'FAVOURITEXCOLOURXISX9']
msTSExpireDate4 = ['19000101010000.0Z', '19010101010000.0Z', '19020101010000.0Z', '19030101010000.0Z', '19040101010000.0Z', '19050101010000.0Z', '19060101010000.0Z', '19070101010000.0Z', '19080101010000.0Z', '19090101010000.0Z', '19100101010000.0Z', '19110101010000.0Z', '19120101010000.0Z', '19130101010000.0Z', '19140101010000.0Z', '19150101010000.0Z', '19160101010000.0Z', '19170101010000.0Z', '19180101010000.0Z', '19190101010000.0Z', '19200101010000.0Z', '19210101010000.0Z', '19220101010000.0Z', '19230101010000.0Z', '19240101010000.0Z', '19250101010000.0Z', '19260101010000.0Z', '19270101010000.0Z', '19280101010000.0Z', '19290101010000.0Z', '19300101010000.0Z', '19310101010000.0Z', '19320101010000.0Z']
cn = [u'SORTTEST0', u'SORTTEST1', u'SORTTEST10', u'SORTTEST11', u'SORTTEST12', u'SORTTEST13', u'SORTTEST14', u'SORTTEST15', u'SORTTEST16', u'SORTTEST17', u'SORTTEST18', u'SORTTEST19', u'SORTTEST2', u'SORTTEST20', u'SORTTEST21', u'SORTTEST22', u'SORTTEST23', u'SORTTEST24', u'SORTTEST25', u'SORTTEST26', u'SORTTEST27', u'SORTTEST28', u'SORTTEST29', u'SORTTEST3', u'SORTTEST30', u'SORTTEST31', u'SORTTEST32', u'SORTTEST4', u'SORTTEST5', u'SORTTEST6', u'SORTTEST7', u'SORTTEST8', u'SORTTEST9']
serialNumber = ['abcXAXX', 'abcXAXX', 'abcXAXX', 'abcXAXX', 'abcXAXX', 'abcXBzX', 'abcXBzX', 'abcXBzX', 'abcXBzX', 'abcXX3X', 'abcXX3X', 'abcXX3X', 'abcXX3X', 'abcXXXX', 'abcXXXX', 'abcXXXX', 'abcXXXX', 'abcXXXX', 'abcXXXX', 'abcXXXX', 'abcXXXX', 'abcXXzX', 'abcXXzX', 'abcXXzX', 'abcXXzX', 'abcXa3X', 'abcXa3X', 'abcXa3X', 'abcXa3X', 'abcXbXX', 'abcXbXX', 'abcXbXX', 'abcXbXX']
roomNumber = [u'10BXC', u'11BXC', u'12BXC', u'13BXC', u'14BXC', u'15BXC', u'16BXC', u'17BXC', u'18BXC', u'19BXC', u'1BXC', u'20BXC', u'21BXC', u'22BXC', u'23BXC', u'24BXC', u'25BXC', u'26BXC', u'27BXC', u'28BXC', u'29BXC', u'2BXC', u'30BXC', u'31BXC', u'32BXC', u'33BXC', u'3BXC', u'4BXC', u'5BXC', u'6BXC', u'7BXC', u'8BXC', u'9BXC']
carLicense = [u'XXXXXXXXX', u'XXXXXXXXX', u'XXXXXXXXX', u'XXXXXXXXX', u'XXXXXXXXX', u'XXXXXXXXX', u'XXXXXXXXX', u'XXXXXXXXX', u'XXXXXXXXX', u'XXXXXXXXX', u'XXXXXXXXX', u'XXXXXXXXX', u'XXXXXXXXX', u'XXXXXXXXX', u'XXXXXXXXX', u'XXXXXXXXX', u'XXXXXXXXX', u'XXXXXXXXX', u'XXXXXXXXX', u'XXXXXXXXX', u'XXXXXXXXX', u'XXXXXXXXX', u'XXXXXXXXX', u'XXXXXXXXX', u'XXXXXXXXX', u'XXXXXXXXX', u'XXXXXXXXX', u'XXXXXXXXX', u'XXXXXXXXX', u'XXXXXXXXX', u'XXXXXXXXX', u'XXXXXXXXX', u'XXXXXXXXX']
employeeNumber = [u'0X', u'1044XXXXXXXXXXXXX', u'1118XXXXXXXXXXXXXX', u'1190XXXXXXXXXXXXXXX', u'1260XXXXXXXXXXXXXXXX', u'1328XXXXXXXXXXXXXXXXX', u'1394XXXXXXXXXXXXXXXXXX', u'1458XXXXXXXXXXXXXXXXXXX', u'1520XXXXXXXXXXXXXXXXXXXX', u'1580XXXXXXXXXXXXXXXXXXXXX', u'1638XXXXXXXXXXXXXXXXXXXXXX', u'1694XXXXXXXXXXXXXXXXXXXXXXX', u'1748XXXXXXXXXXXXXXXXXXXXXXXX', u'1800XXXXXXXXXXXXXXXXXXXXXXXXX', u'1850XXXXXXXXXXXXXXXXXXXXXXXXXX', u'1898XXXXXXXXXXXXXXXXXXXXXXXXXXX', u'1944XXXXXXXXXXXXXXXXXXXXXXXXXXXX', u'194XXX', u'1988XXXXXXXXXXXXXXXXXXXXXXXXXXXXX', u'2030XXXXXXXXXXXXXXXXXXXXXXXXXXXXXX', u'2070XXXXXXXXXXXXXXXXXXXXXXXXXXXXXXX', u'2108XXXXXXXXXXXXXXXXXXXXXXXXXXXXXXXX', u'2144XXXXXXXXXXXXXXXXXXXXXXXXXXXXXXXXX', u'288XXXX', u'380XXXXX', u'470XXXXXX', u'558XXXXXXX', u'644XXXXXXXX', u'728XXXXXXXXX', u'810XXXXXXXXXX', u'890XXXXXXXXXXX', u'968XXXXXXXXXXXX', u'98XX']
givenName = [u'A', u'A', u'B', u'B', u'C', u'C', u'D', u'D', u'E', u'E', u'F', u'F', u'G', u'G', u'H', u'I', u'J', u'K', u'L', u'M', u'N', u'O', u'P', u'Q', u'R', u'S', u'T', u'U', u'V', u'W', u'X', u'Y', u'Z']
